// Jest Snapshot v1, https://goo.gl/fbAQLP

exports[`<AdditionalBox /> SHOULD match snapshot 1`] = `
<DocumentFragment>
  <div
    class="box additionalBox"
    data-test-id="box"
  >
    <h1
      class="ui-text color-base size-36px"
      data-test-id="text"
    >
      title-mock
    </h1>
  </div>
</DocumentFragment>
`;
